// Jest Snapshot v1, https://goo.gl/fbAQLP

exports[`loads existing fragments as expected 1`] = `Array []`;
